[
  {
    "_id": "02023688018",
    "foo": "bar",
    "foo2": "bar_2_"
  },
  {
    "_id": "05064951171",
    "foo": "bar",
    "foo2": "bar_2_"
  },
  {
    "_id": "07033589877",
    "foo": "bar",
    "foo2": "bar_2_"
  },
  {
    "_id": "09046987892",
    "foo": "bar",
    "foo2": "bar_2_"
  },
  {
    "_id": "12032920177",
    "foo": "bar",
    "foo2": "bar_2_"
  },
  {
    "_id": "14032547069",
    "foo": "bar",
    "foo2": "bar_2_"
  },
  {
    "_id": "19125622937",
    "foo": "bar",
    "foo2": "bar_2_"
  },
  {
    "_id": "23072451376",
    "foo": "bar",
    "foo2": "bar_2_"
  },
  {
    "_id": "26026727498",
    "foo": "bar",
    "foo2": "bar_2_"
  },
  {
    "_id": "27035223852",
    "foo": "bar",
    "foo2": "bar_2_"
  }
]
